Archive member included to satisfy reference by file (symbol)

C:/ST/STM32CubeIDE_1.16.0/STM32CubeIDE/plugins/com.st.stm32cube.ide.mcu.externaltools.gnu-tools-for-stm32.12.3.rel1.win32_1.0.200.202406191623/tools/bin/../lib/gcc/arm-none-eabi/12.3.1/../../../../arm-none-eabi/lib/thumb/v7-m/nofp\libc_nano.a(libc_a-exit.o)
                              C:/ST/STM32CubeIDE_1.16.0/STM32CubeIDE/plugins/com.st.stm32cube.ide.mcu.externaltools.gnu-tools-for-stm32.12.3.rel1.win32_1.0.200.202406191623/tools/bin/../lib/gcc/arm-none-eabi/12.3.1/../../../../arm-none-eabi/lib/thumb/v7-m/nofp/crt0.o (exit)
C:/ST/STM32CubeIDE_1.16.0/STM32CubeIDE/plugins/com.st.stm32cube.ide.mcu.externaltools.gnu-tools-for-stm32.12.3.rel1.win32_1.0.200.202406191623/tools/bin/../lib/gcc/arm-none-eabi/12.3.1/../../../../arm-none-eabi/lib/thumb/v7-m/nofp\libc_nano.a(libc_a-findfp.o)
                              C:/ST/STM32CubeIDE_1.16.0/STM32CubeIDE/plugins/com.st.stm32cube.ide.mcu.externaltools.gnu-tools-for-stm32.12.3.rel1.win32_1.0.200.202406191623/tools/bin/../lib/gcc/arm-none-eabi/12.3.1/../../../../arm-none-eabi/lib/thumb/v7-m/nofp\libc_nano.a(libc_a-exit.o) (__stdio_exit_handler)
C:/ST/STM32CubeIDE_1.16.0/STM32CubeIDE/plugins/com.st.stm32cube.ide.mcu.externaltools.gnu-tools-for-stm32.12.3.rel1.win32_1.0.200.202406191623/tools/bin/../lib/gcc/arm-none-eabi/12.3.1/../../../../arm-none-eabi/lib/thumb/v7-m/nofp\libc_nano.a(libc_a-fwalk.o)
                              C:/ST/STM32CubeIDE_1.16.0/STM32CubeIDE/plugins/com.st.stm32cube.ide.mcu.externaltools.gnu-tools-for-stm32.12.3.rel1.win32_1.0.200.202406191623/tools/bin/../lib/gcc/arm-none-eabi/12.3.1/../../../../arm-none-eabi/lib/thumb/v7-m/nofp\libc_nano.a(libc_a-findfp.o) (_fwalk_sglue)
C:/ST/STM32CubeIDE_1.16.0/STM32CubeIDE/plugins/com.st.stm32cube.ide.mcu.externaltools.gnu-tools-for-stm32.12.3.rel1.win32_1.0.200.202406191623/tools/bin/../lib/gcc/arm-none-eabi/12.3.1/../../../../arm-none-eabi/lib/thumb/v7-m/nofp\libc_nano.a(libc_a-stdio.o)
                              C:/ST/STM32CubeIDE_1.16.0/STM32CubeIDE/plugins/com.st.stm32cube.ide.mcu.externaltools.gnu-tools-for-stm32.12.3.rel1.win32_1.0.200.202406191623/tools/bin/../lib/gcc/arm-none-eabi/12.3.1/../../../../arm-none-eabi/lib/thumb/v7-m/nofp\libc_nano.a(libc_a-findfp.o) (__sread)
C:/ST/STM32CubeIDE_1.16.0/STM32CubeIDE/plugins/com.st.stm32cube.ide.mcu.externaltools.gnu-tools-for-stm32.12.3.rel1.win32_1.0.200.202406191623/tools/bin/../lib/gcc/arm-none-eabi/12.3.1/../../../../arm-none-eabi/lib/thumb/v7-m/nofp\libc_nano.a(libc_a-memset.o)
                              C:/ST/STM32CubeIDE_1.16.0/STM32CubeIDE/plugins/com.st.stm32cube.ide.mcu.externaltools.gnu-tools-for-stm32.12.3.rel1.win32_1.0.200.202406191623/tools/bin/../lib/gcc/arm-none-eabi/12.3.1/../../../../arm-none-eabi/lib/thumb/v7-m/nofp/crt0.o (memset)
C:/ST/STM32CubeIDE_1.16.0/STM32CubeIDE/plugins/com.st.stm32cube.ide.mcu.externaltools.gnu-tools-for-stm32.12.3.rel1.win32_1.0.200.202406191623/tools/bin/../lib/gcc/arm-none-eabi/12.3.1/../../../../arm-none-eabi/lib/thumb/v7-m/nofp\libc_nano.a(libc_a-closer.o)
                              C:/ST/STM32CubeIDE_1.16.0/STM32CubeIDE/plugins/com.st.stm32cube.ide.mcu.externaltools.gnu-tools-for-stm32.12.3.rel1.win32_1.0.200.202406191623/tools/bin/../lib/gcc/arm-none-eabi/12.3.1/../../../../arm-none-eabi/lib/thumb/v7-m/nofp\libc_nano.a(libc_a-stdio.o) (_close_r)
C:/ST/STM32CubeIDE_1.16.0/STM32CubeIDE/plugins/com.st.stm32cube.ide.mcu.externaltools.gnu-tools-for-stm32.12.3.rel1.win32_1.0.200.202406191623/tools/bin/../lib/gcc/arm-none-eabi/12.3.1/../../../../arm-none-eabi/lib/thumb/v7-m/nofp\libc_nano.a(libc_a-reent.o)
                              C:/ST/STM32CubeIDE_1.16.0/STM32CubeIDE/plugins/com.st.stm32cube.ide.mcu.externaltools.gnu-tools-for-stm32.12.3.rel1.win32_1.0.200.202406191623/tools/bin/../lib/gcc/arm-none-eabi/12.3.1/../../../../arm-none-eabi/lib/thumb/v7-m/nofp\libc_nano.a(libc_a-closer.o) (errno)
C:/ST/STM32CubeIDE_1.16.0/STM32CubeIDE/plugins/com.st.stm32cube.ide.mcu.externaltools.gnu-tools-for-stm32.12.3.rel1.win32_1.0.200.202406191623/tools/bin/../lib/gcc/arm-none-eabi/12.3.1/../../../../arm-none-eabi/lib/thumb/v7-m/nofp\libc_nano.a(libc_a-impure.o)
                              C:/ST/STM32CubeIDE_1.16.0/STM32CubeIDE/plugins/com.st.stm32cube.ide.mcu.externaltools.gnu-tools-for-stm32.12.3.rel1.win32_1.0.200.202406191623/tools/bin/../lib/gcc/arm-none-eabi/12.3.1/../../../../arm-none-eabi/lib/thumb/v7-m/nofp\libc_nano.a(libc_a-reent.o) (_impure_ptr)
C:/ST/STM32CubeIDE_1.16.0/STM32CubeIDE/plugins/com.st.stm32cube.ide.mcu.externaltools.gnu-tools-for-stm32.12.3.rel1.win32_1.0.200.202406191623/tools/bin/../lib/gcc/arm-none-eabi/12.3.1/../../../../arm-none-eabi/lib/thumb/v7-m/nofp\libc_nano.a(libc_a-lseekr.o)
[...]
Memory Configuration

Name             Origin             Length             Attributes
RAM              0x20000000         0x0000c000         xrw
FLASH            0x08008000         0x00040000         xr
*default*        0x00000000         0xffffffff

Linker script and memory map

LOAD C:/ST/STM32CubeIDE_1.16.0/STM32CubeIDE/plugins/com.st.stm32cube.ide.mcu.externaltools.gnu-tools-for-stm32.12.3.rel1.win32_1.0.200.202406191623/tools/bin/../lib/gcc/arm-none-eabi/12.3.1/thumb/v7-m/nofp/crti.o
LOAD C:/ST/STM32CubeIDE_1.16.0/STM32CubeIDE/plugins/com.st.stm32cube.ide.mcu.externaltools.gnu-tools-for-stm32.12.3.rel1.win32_1.0.200.202406191623/tools/bin/../lib/gcc/arm-none-eabi/12.3.1/thumb/v7-m/nofp/crtbegin.o
LOAD C:/ST/STM32CubeIDE_1.16.0/STM32CubeIDE/plugins/com.st.stm32cube.ide.mcu.externaltools.gnu-tools-for-stm32.12.3.rel1.win32_1.0.200.202406191623/tools/bin/../lib/gcc/arm-none-eabi/12.3.1/../../../../arm-none-eabi/lib/thumb/v7-m/nofp/crt0.o
LOAD ./Core/Src/FlASH_PAGE_F1.o
LOAD ./Core/Src/main.o
LOAD ./Core/Src/stm32f1xx_hal_msp.o
LOAD ./Core/Src/stm32f1xx_it.o
LOAD ./Core/Src/syscalls.o
LOAD ./Core/Src/sysmem.o
LOAD ./Core/Src/system_stm32f1xx.o
LOAD ./Core/Startup/startup_stm32f103rctx.o
LOAD ./Drivers/STM32F1xx_HAL_Driver/Src/stm32f1xx_hal.o
LOAD ./Drivers/STM32F1xx_HAL_Driver/Src/stm32f1xx_hal_cortex.o
LOAD ./Drivers/STM32F1xx_HAL_Driver/Src/stm32f1xx_hal_dma.o
LOAD ./Drivers/STM32F1xx_HAL_Driver/Src/stm32f1xx_hal_exti.o
LOAD ./Drivers/STM32F1xx_HAL_Driver/Src/stm32f1xx_hal_flash.o
LOAD ./Drivers/STM32F1xx_HAL_Driver/Src/stm32f1xx_hal_flash_ex.o
LOAD ./Drivers/STM32F1xx_HAL_Driver/Src/stm32f1xx_hal_gpio.o
LOAD ./Drivers/STM32F1xx_HAL_Driver/Src/stm32f1xx_hal_gpio_ex.o
LOAD ./Drivers/STM32F1xx_HAL_Driver/Src/stm32f1xx_hal_pwr.o
LOAD ./Drivers/STM32F1xx_HAL_Driver/Src/stm32f1xx_hal_rcc.o
LOAD ./Drivers/STM32F1xx_HAL_Driver/Src/stm32f1xx_hal_rcc_ex.o
LOAD ./Drivers/STM32F1xx_HAL_Driver/Src/stm32f1xx_hal_tim.o
LOAD ./Drivers/STM32F1xx_HAL_Driver/Src/stm32f1xx_hal_tim_ex.o
LOAD ./Drivers/STM32F1xx_HAL_Driver/Src/stm32f1xx_hal_uart.o
START GROUP
LOAD C:/ST/STM32CubeIDE_1.16.0/STM32CubeIDE/plugins/com.st.stm32cube.ide.mcu.externaltools.gnu-tools-for-stm32.12.3.rel1.win32_1.0.200.202406191623/tools/bin/../lib/gcc/arm-none-eabi/12.3.1/../../../../arm-none-eabi/lib/thumb/v7-m/nofp\libc_nano.a
LOAD C:/ST/STM32CubeIDE_1.16.0/STM32CubeIDE/plugins/com.st.stm32cube.ide.mcu.externaltools.gnu-tools-for-stm32.12.3.rel1.win32_1.0.200.202406191623/tools/bin/../lib/gcc/arm-none-eabi/12.3.1/../../../../arm-none-eabi/lib/thumb/v7-m/nofp\libm.a
END GROUP
START GROUP
LOAD C:/ST/STM32CubeIDE_1.16.0/STM32CubeIDE/plugins/com.st.stm32cube.ide.mcu.externaltools.gnu-tools-for-stm32.12.3.rel1.win32_1.0.200.202406191623/tools/bin/../lib/gcc/arm-none-eabi/12.3.1/thumb/v7-m/nofp\libgcc.a
LOAD C:/ST/STM32CubeIDE_1.16.0/STM32CubeIDE/plugins/com.st.stm32cube.ide.mcu.externaltools.gnu-tools-for-stm32.12.3.rel1.win32_1.0.200.202406191623/tools/bin/../lib/gcc/arm-none-eabi/12.3.1/../../../../arm-none-eabi/lib/thumb/v7-m/nofp\libc_nano.a
END GROUP
START GROUP
LOAD C:/ST/STM32CubeIDE_1.16.0/STM32CubeIDE/plugins/com.st.stm32cube.ide.mcu.externaltools.gnu-tools-for-stm32.12.3.rel1.win32_1.0.200.202406191623/tools/bin/../lib/gcc/arm-none-eabi/12.3.1/thumb/v7-m/nofp\libgcc.a
LOAD C:/ST/STM32CubeIDE_1.16.0/STM32CubeIDE/plugins/com.st.stm32cube.ide.mcu.externaltools.gnu-tools-for-stm32.12.3.rel1.win32_1.0.200.202406191623/tools/bin/../lib/gcc/arm-none-eabi/12.3.1/../../../../arm-none-eabi/lib/thumb/v7-m/nofp\libc_nano.a
LOAD C:/ST/STM32CubeIDE_1.16.0/STM32CubeIDE/plugins/com.st.stm32cube.ide.mcu.externaltools.gnu-tools-for-stm32.12.3.rel1.win32_1.0.200.202406191623/tools/bin/../lib/gcc/arm-none-eabi/12.3.1/../../../../arm-none-eabi/lib/thumb/v7-m/nofp\libnosys.a
END GROUP
START GROUP
LOAD C:/ST/STM32CubeIDE_1.16.0/STM32CubeIDE/plugins/com.st.stm32cube.ide.mcu.externaltools.gnu-tools-for-stm32.12.3.rel1.win32_1.0.200.202406191623/tools/bin/../lib/gcc/arm-none-eabi/12.3.1/thumb/v7-m/nofp\libgcc.a
LOAD C:/ST/STM32CubeIDE_1.16.0/STM32CubeIDE/plugins/com.st.stm32cube.ide.mcu.externaltools.gnu-tools-for-stm32.12.3.rel1.win32_1.0.200.202406191623/tools/bin/../lib/gcc/arm-none-eabi/12.3.1/../../../../arm-none-eabi/lib/thumb/v7-m/nofp\libc_nano.a
LOAD C:/ST/STM32CubeIDE_1.16.0/STM32CubeIDE/plugins/com.st.stm32cube.ide.mcu.externaltools.gnu-tools-for-stm32.12.3.rel1.win32_1.0.200.202406191623/tools/bin/../lib/gcc/arm-none-eabi/12.3.1/../../../../arm-none-eabi/lib/thumb/v7-m/nofp\libnosys.a
END GROUP
LOAD C:/ST/STM32CubeIDE_1.16.0/STM32CubeIDE/plugins/com.st.stm32cube.ide.mcu.externaltools.gnu-tools-for-stm32.12.3.rel1.win32_1.0.200.202406191623/tools/bin/../lib/gcc/arm-none-eabi/12.3.1/thumb/v7-m/nofp/crtend.o
LOAD C:/ST/STM32CubeIDE_1.16.0/STM32CubeIDE/plugins/com.st.stm32cube.ide.mcu.externaltools.gnu-tools-for-stm32.12.3.rel1.win32_1.0.200.202406191623/tools/bin/../lib/gcc/arm-none-eabi/12.3.1/thumb/v7-m/nofp/crtn.o
                0x2000c000                        _estack = (ORIGIN (RAM) + LENGTH (RAM))
                0x00000200                        _Min_Heap_Size = 0x200
                0x00000400                        _Min_Stack_Size = 0x400

.isr_vector     0x08008000      0x1e4
                0x08008000                        . = ALIGN (0x4)
 *(.isr_vector)
 .isr_vector    0x08008000      0x1e4 ./Core/Startup/startup_stm32f103rctx.o
                0x08008000                g_pfnVectors
                0x080081e4                        . = ALIGN (0x4)

.text           0x080081e4     0x27e8
                0x080081e4                        . = ALIGN (0x4)
 *(.text)
 .text          0x080081e4       0x40 C:/ST/STM32CubeIDE_1.16.0/STM32CubeIDE/plugins/com.st.stm32cube.ide.mcu.externaltools.gnu-tools-for-stm32.12.3.rel1.win32_1.0.200.202406191623/tools/bin/../lib/gcc/arm-none-eabi/12.3.1/thumb/v7-m/nofp/crtbegin.o
 *(.text*)
 .text.GetPage  0x08008224       0x4c ./Core/Src/FlASH_PAGE_F1.o
 .text.Flash_Write_Data
                0x08008270       0xb8 ./Core/Src/FlASH_PAGE_F1.o
                0x08008270                Flash_Write_Data
 .text.merge_uint8_to_uint32_reverse
                0x08008328       0x82 ./Core/Src/main.o
                0x08008328                merge_uint8_to_uint32_reverse
 *fill*         0x080083aa        0x2 
 .text.HAL_UART_RxCpltCallback
                0x080083ac       0x40 ./Core/Src/main.o
                0x080083ac                HAL_UART_RxCpltCallback
 .text.main     0x080083ec       0xa4 ./Core/Src/main.o
                0x080083ec                main
 .text.SystemClock_Config
                0x08008490       0x8c ./Core/Src/main.o
                0x08008490                SystemClock_Config
 .text.MX_USART1_UART_Init
                0x0800851c       0x54 ./Core/Src/main.o
 .text.MX_GPIO_Init
                0x08008570       0x44 ./Core/Src/main.o
 .text.Error_Handler
                0x080085b4        0xc ./Core/Src/main.o
                0x080085b4                Error_Handler
 .text.HAL_MspInit
                0x080085c0       0x64 ./Core/Src/stm32f1xx_hal_msp.o
                0x080085c0                HAL_MspInit
 .text.HAL_UART_MspInit
                0x08008624       0xa8 ./Core/Src/stm32f1xx_hal_msp.o
                0x08008624                HAL_UART_MspInit
 .text.NMI_Handler
                0x080086cc        0x8 ./Core/Src/stm32f1xx_it.o
                0x080086cc                NMI_Handler
 .text.HardFault_Handler
                0x080086d4        0x8 ./Core/Src/stm32f1xx_it.o
                0x080086d4                HardFault_Handler
 .text.MemManage_Handler
                0x080086dc        0x8 ./Core/Src/stm32f1xx_it.o
                0x080086dc                MemManage_Handler
 .text.BusFault_Handler
                0x080086e4        0x8 ./Core/Src/stm32f1xx_it.o
                0x080086e4                BusFault_Handler
 .text.UsageFault_Handler
                0x080086ec        0x8 ./Core/Src/stm32f1xx_it.o
                0x080086ec                UsageFault_Handler
 .text.SVC_Handler
                0x080086f4        0xc ./Core/Src/stm32f1xx_it.o
                0x080086f4                SVC_Handler
 .text.DebugMon_Handler
                0x08008700        0xc ./Core/Src/stm32f1xx_it.o
                0x08008700                DebugMon_Handler
 .text.PendSV_Handler
                0x0800870c        0xc ./Core/Src/stm32f1xx_it.o
                0x0800870c                PendSV_Handler
 .text.SysTick_Handler
                0x08008718        0xc ./Core/Src/stm32f1xx_it.o
                0x08008718                SysTick_Handler
 .text.USART1_IRQHandler
                0x08008724       0x14 ./Core/Src/stm32f1xx_it.o
                0x08008724                USART1_IRQHandler
 .text.SystemInit
                0x08008738        0xc ./Core/Src/system_stm32f1xx.o
                0x08008738                SystemInit
 .text.Reset_Handler
                0x08008744       0x48 ./Core/Startup/startup_stm32f103rctx.o
                0x08008744                Reset_Handler
 .text.Default_Handler
                0x0800878c        0x2 ./Core/Startup/startup_stm32f103rctx.o
                0x0800878c                RTC_Alarm_IRQHandler
                0x0800878c                EXTI2_IRQHandler
                0x0800878c                TIM8_TRG_COM_IRQHandler
                0x0800878c                TIM8_CC_IRQHandler
                0x0800878c                TIM1_CC_IRQHandler
                0x0800878c                TIM6_IRQHandler
                0x0800878c                PVD_IRQHandler
                0x0800878c                SDIO_IRQHandler
                0x0800878c                EXTI3_IRQHandler
                0x0800878c                EXTI0_IRQHandler
                0x0800878c                I2C2_EV_IRQHandler
                0x0800878c                ADC1_2_IRQHandler
                0x0800878c                SPI1_IRQHandler
                0x0800878c                TAMPER_IRQHandler
                0x0800878c                TIM8_UP_IRQHandler
                0x0800878c                DMA2_Channel2_IRQHandler
                0x0800878c                DMA1_Channel4_IRQHandler
                0x0800878c                USART3_IRQHandler
                0x0800878c                RTC_IRQHandler
                0x0800878c                DMA1_Channel7_IRQHandler
                0x0800878c                CAN1_RX1_IRQHandler
                0x0800878c                UART5_IRQHandler
                0x0800878c                ADC3_IRQHandler
                0x0800878c                TIM4_IRQHandler
                0x0800878c                DMA2_Channel1_IRQHandler
                0x0800878c                I2C1_EV_IRQHandler
                0x0800878c                DMA1_Channel6_IRQHandler
                0x0800878c                UART4_IRQHandler
                0x0800878c                TIM3_IRQHandler
                0x0800878c                RCC_IRQHandler
                0x0800878c                TIM1_TRG_COM_IRQHandler
                0x0800878c                DMA1_Channel1_IRQHandler
                0x0800878c                Default_Handler
                0x0800878c                EXTI15_10_IRQHandler
                0x0800878c                TIM7_IRQHandler
                0x0800878c                TIM5_IRQHandler
                0x0800878c                EXTI9_5_IRQHandler
                0x0800878c                SPI2_IRQHandler
                0x0800878c                DMA1_Channel5_IRQHandler
                0x0800878c                EXTI4_IRQHandler
                0x0800878c                USB_LP_CAN1_RX0_IRQHandler
                0x0800878c                USB_HP_CAN1_TX_IRQHandler
                0x0800878c                DMA1_Channel3_IRQHandler
                0x0800878c                FSMC_IRQHandler
                0x0800878c                TIM1_UP_IRQHandler
                0x0800878c                WWDG_IRQHandler
                0x0800878c                TIM2_IRQHandler
                0x0800878c                TIM1_BRK_IRQHandler
                0x0800878c                EXTI1_IRQHandler
                0x0800878c                DMA2_Channel4_5_IRQHandler
                0x0800878c                USART2_IRQHandler
                0x0800878c                I2C2_ER_IRQHandler
                0x0800878c                DMA1_Channel2_IRQHandler
                0x0800878c                TIM8_BRK_IRQHandler
                0x0800878c                CAN1_SCE_IRQHandler
                0x0800878c                FLASH_IRQHandler
                0x0800878c                SPI3_IRQHandler
                0x0800878c                I2C1_ER_IRQHandler
                0x0800878c                USBWakeUp_IRQHandler
                0x0800878c                DMA2_Channel3_IRQHandler
 *fill*         0x0800878e        0x2 
 .text.HAL_Init
                0x08008790       0x2c ./Drivers/STM32F1xx_HAL_Driver/Src/stm32f1xx_hal.o
                0x08008790                HAL_Init
 .text.HAL_InitTick
                0x080087bc       0x60 ./Drivers/STM32F1xx_HAL_Driver/Src/stm32f1xx_hal.o
                0x080087bc                HAL_InitTick
 .text.HAL_IncTick
                0x0800881c       0x24 ./Drivers/STM32F1xx_HAL_Driver/Src/stm32f1xx_hal.o
                0x0800881c                HAL_IncTick
 .text.HAL_GetTick
                0x08008840       0x14 ./Drivers/STM32F1xx_HAL_Driver/Src/stm32f1xx_hal.o
                0x08008840                HAL_GetTick
 .text.__NVIC_SetPriorityGrouping
                0x08008854       0x48 ./Drivers/STM32F1xx_HAL_Driver/Src/stm32f1xx_hal_cortex.o
 .text.__NVIC_GetPriorityGrouping
                0x0800889c       0x1c ./Drivers/STM32F1xx_HAL_Driver/Src/stm32f1xx_hal_cortex.o
 .text.__NVIC_EnableIRQ
                0x080088b8       0x38 ./Drivers/STM32F1xx_HAL_Driver/Src/stm32f1xx_hal_cortex.o
 .text.__NVIC_SetPriority
                0x080088f0       0x54 ./Drivers/STM32F1xx_HAL_Driver/Src/stm32f1xx_hal_cortex.o
 .text.NVIC_EncodePriority
                0x08008944       0x64 ./Drivers/STM32F1xx_HAL_Driver/Src/stm32f1xx_hal_cortex.o
 .text.__NVIC_SystemReset
                0x080089a8       0x2c ./Drivers/STM32F1xx_HAL_Driver/Src/stm32f1xx_hal_cortex.o
 .text.SysTick_Config
                0x080089d4       0x44 ./Drivers/STM32F1xx_HAL_Driver/Src/stm32f1xx_hal_cortex.o
 .text.HAL_NVIC_SetPriorityGrouping
                0x08008a18       0x16 ./Drivers/STM32F1xx_HAL_Driver/Src/stm32f1xx_hal_cortex.o
                0x08008a18                HAL_NVIC_SetPriorityGrouping
 .text.HAL_NVIC_SetPriority
                0x08008a2e       0x38 ./Drivers/STM32F1xx_HAL_Driver/Src/stm32f1xx_hal_cortex.o
                0x08008a2e                HAL_NVIC_SetPriority
 .text.HAL_NVIC_EnableIRQ
                0x08008a66       0x1c ./Drivers/STM32F1xx_HAL_Driver/Src/stm32f1xx_hal_cortex.o
                0x08008a66                HAL_NVIC_EnableIRQ
 .text.HAL_NVIC_SystemReset
                0x08008a82        0x8 ./Drivers/STM32F1xx_HAL_Driver/Src/stm32f1xx_hal_cortex.o
                0x08008a82                HAL_NVIC_SystemReset
 .text.HAL_SYSTICK_Config
                0x08008a8a       0x18 ./Drivers/STM32F1xx_HAL_Driver/Src/stm32f1xx_hal_cortex.o
                0x08008a8a                HAL_SYSTICK_Config
 .text.HAL_DMA_Abort
                0x08008aa2       0x76 ./Drivers/STM32F1xx_HAL_Driver/Src/stm32f1xx_hal_dma.o
                0x08008aa2                HAL_DMA_Abort
 .text.HAL_DMA_Abort_IT
                0x08008b18      0x210 ./Drivers/STM32F1xx_HAL_Driver/Src/stm32f1xx_hal_dma.o
                0x08008b18                HAL_DMA_Abort_IT
 .text.HAL_FLASH_Program
                0x08008d28       0xe0 ./Drivers/STM32F1xx_HAL_Driver/Src/stm32f1xx_hal_flash.o
                0x08008d28                HAL_FLASH_Program
 .text.HAL_FLASH_Unlock
                0x08008e08       0x4c ./Drivers/STM32F1xx_HAL_Driver/Src/stm32f1xx_hal_flash.o
                0x08008e08                HAL_FLASH_Unlock
 .text.HAL_FLASH_Lock
                0x08008e54       0x20 ./Drivers/STM32F1xx_HAL_Driver/Src/stm32f1xx_hal_flash.o
                0x08008e54                HAL_FLASH_Lock
 .text.HAL_FLASH_GetError
                0x08008e74       0x14 ./Drivers/STM32F1xx_HAL_Driver/Src/stm32f1xx_hal_flash.o
                0x08008e74                HAL_FLASH_GetError
 .text.FLASH_Program_HalfWord
                0x08008e88       0x38 ./Drivers/STM32F1xx_HAL_Driver/Src/stm32f1xx_hal_flash.o
 .text.FLASH_WaitForLastOperation
                0x08008ec0       0x8c ./Drivers/STM32F1xx_HAL_Driver/Src/stm32f1xx_hal_flash.o
                0x08008ec0                FLASH_WaitForLastOperation
 .text.FLASH_SetErrorCode
                0x08008f4c       0xa0 ./Drivers/STM32F1xx_HAL_Driver/Src/stm32f1xx_hal_flash.o
 .text.HAL_FLASHEx_Erase
                0x08008fec       0xd8 ./Drivers/STM32F1xx_HAL_Driver/Src/stm32f1xx_hal_flash_ex.o
                0x08008fec                HAL_FLASHEx_Erase
 .text.FLASH_MassErase
                0x080090c4       0x38 ./Drivers/STM32F1xx_HAL_Driver/Src/stm32f1xx_hal_flash_ex.o
 .text.FLASH_PageErase
                0x080090fc       0x40 ./Drivers/STM32F1xx_HAL_Driver/Src/stm32f1xx_hal_flash_ex.o
                0x080090fc                FLASH_PageErase
 .text.HAL_GPIO_Init
                0x0800913c      0x328 ./Drivers/STM32F1xx_HAL_Driver/Src/stm32f1xx_hal_gpio.o
                0x0800913c                HAL_GPIO_Init
 .text.HAL_RCC_OscConfig
                0x08009464      0x504 ./Drivers/STM32F1xx_HAL_Driver/Src/stm32f1xx_hal_rcc.o
                0x08009464                HAL_RCC_OscConfig
 .text.HAL_RCC_ClockConfig
                0x08009968      0x1d4 ./Drivers/STM32F1xx_HAL_Driver/Src/stm32f1xx_hal_rcc.o
                0x08009968                HAL_RCC_ClockConfig
 .text.HAL_RCC_GetSysClockFreq
                0x08009b3c       0xac ./Drivers/STM32F1xx_HAL_Driver/Src/stm32f1xx_hal_rcc.o
                0x08009b3c                HAL_RCC_GetSysClockFreq
 .text.HAL_RCC_GetHCLKFreq
                0x08009be8       0x14 ./Drivers/STM32F1xx_HAL_Driver/Src/stm32f1xx_hal_rcc.o
                0x08009be8                HAL_RCC_GetHCLKFreq
 .text.HAL_RCC_GetPCLK1Freq
                0x08009bfc       0x28 ./Drivers/STM32F1xx_HAL_Driver/Src/stm32f1xx_hal_rcc.o
                0x08009bfc                HAL_RCC_GetPCLK1Freq
 .text.HAL_RCC_GetPCLK2Freq
                0x08009c24       0x28 ./Drivers/STM32F1xx_HAL_Driver/Src/stm32f1xx_hal_rcc.o
                0x08009c24                HAL_RCC_GetPCLK2Freq
 .text.RCC_Delay
                0x08009c4c       0x3c ./Drivers/STM32F1xx_HAL_Driver/Src/stm32f1xx_hal_rcc.o
 .text.HAL_UART_Init
                0x08009c88       0xa0 ./Drivers/STM32F1xx_HAL_Driver/Src/stm32f1xx_hal_uart.o
                0x08009c88                HAL_UART_Init
 .text.HAL_UART_Transmit
                0x08009d28      0x116 ./Drivers/STM32F1xx_HAL_Driver/Src/stm32f1xx_hal_uart.o
                0x08009d28                HAL_UART_Transmit
 .text.HAL_UART_Receive_IT
                0x08009e3e       0x4a ./Drivers/STM32F1xx_HAL_Driver/Src/stm32f1xx_hal_uart.o
                0x08009e3e                HAL_UART_Receive_IT
 .text.HAL_UART_IRQHandler
                0x08009e88      0x524 ./Drivers/STM32F1xx_HAL_Driver/Src/stm32f1xx_hal_uart.o
                0x08009e88                HAL_UART_IRQHandler
 .text.HAL_UART_TxCpltCallback
                0x0800a3ac       0x12 ./Drivers/STM32F1xx_HAL_Driver/Src/stm32f1xx_hal_uart.o
                0x0800a3ac                HAL_UART_TxCpltCallback
 .text.HAL_UART_ErrorCallback
                0x0800a3be       0x12 ./Drivers/STM32F1xx_HAL_Driver/Src/stm32f1xx_hal_uart.o
                0x0800a3be                HAL_UART_ErrorCallback
 .text.HAL_UARTEx_RxEventCallback
                0x0800a3d0       0x16 ./Drivers/STM32F1xx_HAL_Driver/Src/stm32f1xx_hal_uart.o
                0x0800a3d0                HAL_UARTEx_RxEventCallback
 .text.UART_WaitOnFlagUntilTimeout
                0x0800a3e6       0xb2 ./Drivers/STM32F1xx_HAL_Driver/Src/stm32f1xx_hal_uart.o
 .text.UART_Start_Receive_IT
                0x0800a498       0x72 ./Drivers/STM32F1xx_HAL_Driver/Src/stm32f1xx_hal_uart.o
                0x0800a498                UART_Start_Receive_IT
 .text.UART_EndRxTransfer
                0x0800a50a       0xc4 ./Drivers/STM32F1xx_HAL_Driver/Src/stm32f1xx_hal_uart.o
 .text.UART_DMAAbortOnError
                0x0800a5ce       0x28 ./Drivers/STM32F1xx_HAL_Driver/Src/stm32f1xx_hal_uart.o
 .text.UART_Transmit_IT
                0x0800a5f6       0x9e ./Drivers/STM32F1xx_HAL_Driver/Src/stm32f1xx_hal_uart.o
 .text.UART_EndTransmit_IT
                0x0800a694       0x30 ./Drivers/STM32F1xx_HAL_Driver/Src/stm32f1xx_hal_uart.o
 .text.UART_Receive_IT
                0x0800a6c4      0x17c ./Drivers/STM32F1xx_HAL_Driver/Src/stm32f1xx_hal_uart.o
 .text.UART_SetConfig
                0x0800a840      0x11c ./Drivers/STM32F1xx_HAL_Driver/Src/stm32f1xx_hal_uart.o
 .text.memset   0x0800a95c       0x10 C:/ST/STM32CubeIDE_1.16.0/STM32CubeIDE/plugins/com.st.stm32cube.ide.mcu.externaltools.gnu-tools-for-stm32.12.3.rel1.win32_1.0.200.202406191623/tools/bin/../lib/gcc/arm-none-eabi/12.3.1/../../../../arm-none-eabi/lib/thumb/v7-m/nofp\libc_nano.a(libc_a-memset.o)
                0x0800a95c                memset
 .text.__libc_init_array
                0x0800a96c       0x48 C:/ST/STM32CubeIDE_1.16.0/STM32CubeIDE/plugins/com.st.stm32cube.ide.mcu.externaltools.gnu-tools-for-stm32.12.3.rel1.win32_1.0.200.202406191623/tools/bin/../lib/gcc/arm-none-eabi/12.3.1/../../../../arm-none-eabi/lib/thumb/v7-m/nofp\libc_nano.a(libc_a-init.o)
                0x0800a96c                __libc_init_array
 *(.glue_7)
 .glue_7        0x0800a9b4        0x0 linker stubs
 *(.glue_7t)
 .glue_7t       0x0800a9b4        0x0 linker stubs
 *(.eh_frame)
 .eh_frame      0x0800a9b4        0x0 C:/ST/STM32CubeIDE_1.16.0/STM32CubeIDE/plugins/com.st.stm32cube.ide.mcu.externaltools.gnu-tools-for-stm32.12.3.rel1.win32_1.0.200.202406191623/tools/bin/../lib/gcc/arm-none-eabi/12.3.1/thumb/v7-m/nofp/crtbegin.o
 *(.init)
 .init          0x0800a9b4        0x4 C:/ST/STM32CubeIDE_1.16.0/STM32CubeIDE/plugins/com.st.stm32cube.ide.mcu.externaltools.gnu-tools-for-stm32.12.3.rel1.win32_1.0.200.202406191623/tools/bin/../lib/gcc/arm-none-eabi/12.3.1/thumb/v7-m/nofp/crti.o
                0x0800a9b4                _init
 .init          0x0800a9b8        0x8 C:/ST/STM32CubeIDE_1.16.0/STM32CubeIDE/plugins/com.st.stm32cube.ide.mcu.externaltools.gnu-tools-for-stm32.12.3.rel1.win32_1.0.200.202406191623/tools/bin/../lib/gcc/arm-none-eabi/12.3.1/thumb/v7-m/nofp/crtn.o
 *(.fini)
 .fini          0x0800a9c0        0x4 C:/ST/STM32CubeIDE_1.16.0/STM32CubeIDE/plugins/com.st.stm32cube.ide.mcu.externaltools.gnu-tools-for-stm32.12.3.rel1.win32_1.0.200.202406191623/tools/bin/../lib/gcc/arm-none-eabi/12.3.1/thumb/v7-m/nofp/crti.o
                0x0800a9c0                _fini
 .fini          0x0800a9c4        0x8 C:/ST/STM32CubeIDE_1.16.0/STM32CubeIDE/plugins/com.st.stm32cube.ide.mcu.externaltools.gnu-tools-for-stm32.12.3.rel1.win32_1.0.200.202406191623/tools/bin/../lib/gcc/arm-none-eabi/12.3.1/thumb/v7-m/nofp/crtn.o
                0x0800a9cc                        . = ALIGN (0x4)
                0x0800a9cc                        _etext = .

.vfp11_veneer   0x0800a9cc        0x0
 .vfp11_veneer  0x0800a9cc        0x0 linker stubs

.v4_bx          0x0800a9cc        0x0
 .v4_bx         0x0800a9cc        0x0 linker stubs

.iplt           0x0800a9cc        0x0
 .iplt          0x0800a9cc        0x0 C:/ST/STM32CubeIDE_1.16.0/STM32CubeIDE/plugins/com.st.stm32cube.ide.mcu.externaltools.gnu-tools-for-stm32.12.3.rel1.win32_1.0.200.202406191623/tools/bin/../lib/gcc/arm-none-eabi/12.3.1/thumb/v7-m/nofp/crtbegin.o

.rodata         0x0800a9cc       0x34
                0x0800a9cc                        . = ALIGN (0x4)
 *(.rodata)
 .rodata        0x0800a9cc        0x7 ./Core/Src/main.o
 *(.rodata*)
 *fill*         0x0800a9d3        0x1 
 .rodata.AHBPrescTable
                0x0800a9d4       0x10 ./Core/Src/system_stm32f1xx.o
                0x0800a9d4                AHBPrescTable
 .rodata.APBPrescTable
                0x0800a9e4        0x8 ./Core/Src/system_stm32f1xx.o
                0x0800a9e4                APBPrescTable
 .rodata.aPLLMULFactorTable.1
                0x0800a9ec       0x10 ./Drivers/STM32F1xx_HAL_Driver/Src/stm32f1xx_hal_rcc.o
 .rodata.aPredivFactorTable.0
                0x0800a9fc        0x2 ./Drivers/STM32F1xx_HAL_Driver/Src/stm32f1xx_hal_rcc.o
                0x0800aa00                        . = ALIGN (0x4)
 *fill*         0x0800a9fe        0x2 

.ARM.extab      0x0800aa00        0x0
                0x0800aa00                        . = ALIGN (0x4)
 *(.ARM.extab* .gnu.linkonce.armextab.*)
                0x0800aa00                        . = ALIGN (0x4)

.ARM            0x0800aa00        0x0
                0x0800aa00                        . = ALIGN (0x4)
                0x0800aa00                        __exidx_start = .
 *(.ARM.exidx*)
                0x0800aa00                        __exidx_end = .
                0x0800aa00                        . = ALIGN (0x4)

.preinit_array  0x0800aa00        0x0
                0x0800aa00                        . = ALIGN (0x4)
                0x0800aa00                        PROVIDE (__preinit_array_start = .)
 *(.preinit_array*)
                0x0800aa00                        PROVIDE (__preinit_array_end = .)
                0x0800aa00                        . = ALIGN (0x4)

.init_array     0x0800aa00        0x4
                0x0800aa00                        . = ALIGN (0x4)
                0x0800aa00                        PROVIDE (__init_array_start = .)
 *(SORT_BY_NAME(.init_array.*))
 *(.init_array*)
 .init_array    0x0800aa00        0x4 C:/ST/STM32CubeIDE_1.16.0/STM32CubeIDE/plugins/com.st.stm32cube.ide.mcu.externaltools.gnu-tools-for-stm32.12.3.rel1.win32_1.0.200.202406191623/tools/bin/../lib/gcc/arm-none-eabi/12.3.1/thumb/v7-m/nofp/crtbegin.o
                0x0800aa04                        PROVIDE (__init_array_end = .)
                0x0800aa04                        . = ALIGN (0x4)

.fini_array     0x0800aa04        0x4
                0x0800aa04                        . = ALIGN (0x4)
                [!provide]                        PROVIDE (__fini_array_start = .)
 *(SORT_BY_NAME(.fini_array.*))
 *(.fini_array*)
 .fini_array    0x0800aa04        0x4 C:/ST/STM32CubeIDE_1.16.0/STM32CubeIDE/plugins/com.st.stm32cube.ide.mcu.externaltools.gnu-tools-for-stm32.12.3.rel1.win32_1.0.200.202406191623/tools/bin/../lib/gcc/arm-none-eabi/12.3.1/thumb/v7-m/nofp/crtbegin.o
                [!provide]                        PROVIDE (__fini_array_end = .)
                0x0800aa08                        . = ALIGN (0x4)
                0x0800aa08                        _sidata = LOADADDR (.data)

.rel.dyn        0x0800aa08        0x0
 .rel.iplt      0x0800aa08        0x0 C:/ST/STM32CubeIDE_1.16.0/STM32CubeIDE/plugins/com.st.stm32cube.ide.mcu.externaltools.gnu-tools-for-stm32.12.3.rel1.win32_1.0.200.202406191623/tools/bin/../lib/gcc/arm-none-eabi/12.3.1/thumb/v7-m/nofp/crtbegin.o

.data           0x20000000       0x18 load address 0x0800aa08
                0x20000000                        . = ALIGN (0x4)
                0x20000000                        _sdata = .
 *(.data)
 *(.data*)
 .data.info.0   0x20000000        0xc ./Core/Src/main.o
 .data.SystemCoreClock
                0x2000000c        0x4 ./Core/Src/system_stm32f1xx.o
                0x2000000c                SystemCoreClock
 .data.uwTickPrio
                0x20000010        0x4 ./Drivers/STM32F1xx_HAL_Driver/Src/stm32f1xx_hal.o
                0x20000010                uwTickPrio
 .data.uwTickFreq
                0x20000014        0x1 ./Drivers/STM32F1xx_HAL_Driver/Src/stm32f1xx_hal.o
                0x20000014                uwTickFreq
 *(.RamFunc)
 *(.RamFunc*)
                0x20000018                        . = ALIGN (0x4)
 *fill*         0x20000015        0x3 
                0x20000018                        _edata = .

.igot.plt       0x20000018        0x0 load address 0x0800aa20
 .igot.plt      0x20000018        0x0 C:/ST/STM32CubeIDE_1.16.0/STM32CubeIDE/plugins/com.st.stm32cube.ide.mcu.externaltools.gnu-tools-for-stm32.12.3.rel1.win32_1.0.200.202406191623/tools/bin/../lib/gcc/arm-none-eabi/12.3.1/thumb/v7-m/nofp/crtbegin.o
                0x20000018                        . = ALIGN (0x4)

.bss            0x20000018     0x80a0 load address 0x0800aa20
                0x20000018                        _sbss = .
                0x20000018                        __bss_start__ = _sbss
 *(.bss)
 .bss           0x20000018       0x1c C:/ST/STM32CubeIDE_1.16.0/STM32CubeIDE/plugins/com.st.stm32cube.ide.mcu.externaltools.gnu-tools-for-stm32.12.3.rel1.win32_1.0.200.202406191623/tools/bin/../lib/gcc/arm-none-eabi/12.3.1/thumb/v7-m/nofp/crtbegin.o
 *(.bss*)
 .bss.EraseInitStruct.0
                0x20000034       0x10 ./Core/Src/FlASH_PAGE_F1.o
 .bss.rx_data   0x20000044        0x1 ./Core/Src/main.o
                0x20000044                rx_data
 *fill*         0x20000045        0x1 
 .bss.index_code_save
                0x20000046        0x2 ./Core/Src/main.o
                0x20000046                index_code_save
 .bss.code_save
                0x20000048     0x4000 ./Core/Src/main.o
                0x20000048                code_save
 .bss.code_save32
                0x20004048     0x4000 ./Core/Src/main.o
                0x20004048                code_save32
 .bss.huart1    0x20008048       0x48 ./Core/Src/main.o
                0x20008048                huart1
 .bss.uwTick    0x20008090        0x4 ./Drivers/STM32F1xx_HAL_Driver/Src/stm32f1xx_hal.o
                0x20008090                uwTick
 *fill*         0x20008094        0x4 
 .bss.pFlash    0x20008098       0x20 ./Drivers/STM32F1xx_HAL_Driver/Src/stm32f1xx_hal_flash.o
                0x20008098                pFlash
 *(COMMON)
                0x200080b8                        . = ALIGN (0x4)
                0x200080b8                        _ebss = .
                0x200080b8                        __bss_end__ = _ebss

._user_heap_stack
                0x200080b8      0x600 load address 0x0800aa20
                0x200080b8                        . = ALIGN (0x8)
                [!provide]                        PROVIDE (end = .)
                0x200080b8                        PROVIDE (_end = .)
                0x200082b8                        . = (. + _Min_Heap_Size)
 *fill*         0x200080b8      0x200 
                0x200086b8                        . = (. + _Min_Stack_Size)
 *fill*         0x200082b8      0x400 
                0x200086b8                        . = ALIGN (0x8)

/DISCARD/
 libc.a(*)
 libm.a(*)
 libgcc.a(*)

.ARM.attributes
                0x00000000       0x29
 *(.ARM.attributes)
 .ARM.attributes
                0x00000000       0x1d C:/ST/STM32CubeIDE_1.16.0/STM32CubeIDE/plugins/com.st.stm32cube.ide.mcu.externaltools.gnu-tools-for-stm32.12.3.rel1.win32_1.0.200.202406191623/tools/bin/../lib/gcc/arm-none-eabi/12.3.1/thumb/v7-m/nofp/crti.o
 .ARM.attributes
                0x0000001d       0x2d C:/ST/STM32CubeIDE_1.16.0/STM32CubeIDE/plugins/com.st.stm32cube.ide.mcu.externaltools.gnu-tools-for-stm32.12.3.rel1.win32_1.0.200.202406191623/tools/bin/../lib/gcc/arm-none-eabi/12.3.1/thumb/v7-m/nofp/crtbegin.o
 .ARM.attributes
                0x0000004a       0x2d ./Core/Src/FlASH_PAGE_F1.o
 .ARM.attributes
                0x00000077       0x2d ./Core/Src/main.o
 .ARM.attributes
                0x000000a4       0x2d ./Core/Src/stm32f1xx_hal_msp.o
 .ARM.attributes
                0x000000d1       0x2d ./Core/Src/stm32f1xx_it.o
 .ARM.attributes
                0x000000fe       0x2d ./Core/Src/system_stm32f1xx.o
 .ARM.attributes
                0x0000012b       0x21 ./Core/Startup/startup_stm32f103rctx.o
 .ARM.attributes
                0x0000014c       0x2d ./Drivers/STM32F1xx_HAL_Driver/Src/stm32f1xx_hal.o
 .ARM.attributes
                0x00000179       0x2d ./Drivers/STM32F1xx_HAL_Driver/Src/stm32f1xx_hal_cortex.o
 .ARM.attributes
                0x000001a6       0x2d ./Drivers/STM32F1xx_HAL_Driver/Src/stm32f1xx_hal_dma.o
 .ARM.attributes
                0x000001d3       0x2d ./Drivers/STM32F1xx_HAL_Driver/Src/stm32f1xx_hal_flash.o
 .ARM.attributes
                0x00000200       0x2d ./Drivers/STM32F1xx_HAL_Driver/Src/stm32f1xx_hal_flash_ex.o
 .ARM.attributes
                0x0000022d       0x2d ./Drivers/STM32F1xx_HAL_Driver/Src/stm32f1xx_hal_gpio.o
 .ARM.attributes
                0x0000025a       0x2d ./Drivers/STM32F1xx_HAL_Driver/Src/stm32f1xx_hal_rcc.o
 .ARM.attributes
                0x00000287       0x2d ./Drivers/STM32F1xx_HAL_Driver/Src/stm32f1xx_hal_uart.o
 .ARM.attributes
                0x000002b4       0x2d C:/ST/STM32CubeIDE_1.16.0/STM32CubeIDE/plugins/com.st.stm32cube.ide.mcu.externaltools.gnu-tools-for-stm32.12.3.rel1.win32_1.0.200.202406191623/tools/bin/../lib/gcc/arm-none-eabi/12.3.1/../../../../arm-none-eabi/lib/thumb/v7-m/nofp\libc_nano.a(libc_a-memset.o)
 .ARM.attributes
                0x000002e1       0x2d C:/ST/STM32CubeIDE_1.16.0/STM32CubeIDE/plugins/com.st.stm32cube.ide.mcu.externaltools.gnu-tools-for-stm32.12.3.rel1.win32_1.0.200.202406191623/tools/bin/../lib/gcc/arm-none-eabi/12.3.1/../../../../arm-none-eabi/lib/thumb/v7-m/nofp\libc_nano.a(libc_a-init.o)
 .ARM.attributes
                0x0000030e       0x1d C:/ST/STM32CubeIDE_1.16.0/STM32CubeIDE/plugins/com.st.stm32cube.ide.mcu.externaltools.gnu-tools-for-stm32.12.3.rel1.win32_1.0.200.202406191623/tools/bin/../lib/gcc/arm-none-eabi/12.3.1/thumb/v7-m/nofp/crtn.o
OUTPUT(ota_main.elf elf32-littlearm)
LOAD linker stubs
LOAD C:/ST/STM32CubeIDE_1.16.0/STM32CubeIDE/plugins/com.st.stm32cube.ide.mcu.externaltools.gnu-tools-for-stm32.12.3.rel1.win32_1.0.200.202406191623/tools/bin/../lib/gcc/arm-none-eabi/12.3.1/../../../../arm-none-eabi/lib/thumb/v7-m/nofp\libc.a
LOAD C:/ST/STM32CubeIDE_1.16.0/STM32CubeIDE/plugins/com.st.stm32cube.ide.mcu.externaltools.gnu-tools-for-stm32.12.3.rel1.win32_1.0.200.202406191623/tools/bin/../lib/gcc/arm-none-eabi/12.3.1/../../../../arm-none-eabi/lib/thumb/v7-m/nofp\libm.a
LOAD C:/ST/STM32CubeIDE_1.16.0/STM32CubeIDE/plugins/com.st.stm32cube.ide.mcu.externaltools.gnu-tools-for-stm32.12.3.rel1.win32_1.0.200.202406191623/tools/bin/../lib/gcc/arm-none-eabi/12.3.1/thumb/v7-m/nofp\libgcc.a

.debug_info     0x00000000     0x851f
 .debug_info    0x00000000      0x4e1 ./Core/Src/FlASH_PAGE_F1.o
 .debug_info    0x000004e1      0xc0d ./Core/Src/main.o
 .debug_info    0x000010ee      0x9ef ./Core/Src/stm32f1xx_hal_msp.o
 .debug_info    0x00001add      0x5eb ./Core/Src/stm32f1xx_it.o
 .debug_info    0x000020c8      0x222 ./Core/Src/system_stm32f1xx.o
 .debug_info    0x000022ea       0x30 ./Core/Startup/startup_stm32f103rctx.o
 .debug_info    0x0000231a      0x76a ./Drivers/STM32F1xx_HAL_Driver/Src/stm32f1xx_hal.o
 .debug_info    0x00002a84      0xaed ./Drivers/STM32F1xx_HAL_Driver/Src/stm32f1xx_hal_cortex.o
 .debug_info    0x00003571      0x6d2 ./Drivers/STM32F1xx_HAL_Driver/Src/stm32f1xx_hal_dma.o
 .debug_info    0x00003c43      0x4f8 ./Drivers/STM32F1xx_HAL_Driver/Src/stm32f1xx_hal_flash.o
 .debug_info    0x0000413b      0x777 ./Drivers/STM32F1xx_HAL_Driver/Src/stm32f1xx_hal_flash_ex.o
 .debug_info    0x000048b2      0x5ab ./Drivers/STM32F1xx_HAL_Driver/Src/stm32f1xx_hal_gpio.o
 .debug_info    0x00004e5d      0x7d5 ./Drivers/STM32F1xx_HAL_Driver/Src/stm32f1xx_hal_rcc.o
 .debug_info    0x00005632     0x2eed ./Drivers/STM32F1xx_HAL_Driver/Src/stm32f1xx_hal_uart.o

.debug_abbrev   0x00000000     0x1c50
 .debug_abbrev  0x00000000      0x20d ./Core/Src/FlASH_PAGE_F1.o
 .debug_abbrev  0x0000020d      0x290 ./Core/Src/main.o
 .debug_abbrev  0x0000049d      0x1ca ./Core/Src/stm32f1xx_hal_msp.o
 .debug_abbrev  0x00000667      0x176 ./Core/Src/stm32f1xx_it.o
 .debug_abbrev  0x000007dd      0x13f ./Core/Src/system_stm32f1xx.o
 .debug_abbrev  0x0000091c       0x24 ./Core/Startup/startup_stm32f103rctx.o
 .debug_abbrev  0x00000940      0x201 ./Drivers/STM32F1xx_HAL_Driver/Src/stm32f1xx_hal.o
 .debug_abbrev  0x00000b41      0x2f8 ./Drivers/STM32F1xx_HAL_Driver/Src/stm32f1xx_hal_cortex.o
 .debug_abbrev  0x00000e39      0x20b ./Drivers/STM32F1xx_HAL_Driver/Src/stm32f1xx_hal_dma.o
 .debug_abbrev  0x00001044      0x250 ./Drivers/STM32F1xx_HAL_Driver/Src/stm32f1xx_hal_flash.o
 .debug_abbrev  0x00001294      0x247 ./Drivers/STM32F1xx_HAL_Driver/Src/stm32f1xx_hal_flash_ex.o
 .debug_abbrev  0x000014db      0x1ca ./Drivers/STM32F1xx_HAL_Driver/Src/stm32f1xx_hal_gpio.o
 .debug_abbrev  0x000016a5      0x2b3 ./Drivers/STM32F1xx_HAL_Driver/Src/stm32f1xx_hal_rcc.o
 .debug_abbrev  0x00001958      0x2f8 ./Drivers/STM32F1xx_HAL_Driver/Src/stm32f1xx_hal_uart.o

.debug_aranges  0x00000000      0x800
 .debug_aranges
                0x00000000       0x58 ./Core/Src/FlASH_PAGE_F1.o
 .debug_aranges
                0x00000058       0x50 ./Core/Src/main.o
 .debug_aranges
                0x000000a8       0x30 ./Core/Src/stm32f1xx_hal_msp.o
 .debug_aranges
                0x000000d8       0x68 ./Core/Src/stm32f1xx_it.o
 .debug_aranges
                0x00000140       0x28 ./Core/Src/system_stm32f1xx.o
 .debug_aranges
                0x00000168       0x28 ./Core/Startup/startup_stm32f103rctx.o
 .debug_aranges
                0x00000190       0xe0 ./Drivers/STM32F1xx_HAL_Driver/Src/stm32f1xx_hal.o
 .debug_aranges
                0x00000270      0x100 ./Drivers/STM32F1xx_HAL_Driver/Src/stm32f1xx_hal_cortex.o
 .debug_aranges
                0x00000370       0x80 ./Drivers/STM32F1xx_HAL_Driver/Src/stm32f1xx_hal_dma.o
 .debug_aranges
                0x000003f0       0x88 ./Drivers/STM32F1xx_HAL_Driver/Src/stm32f1xx_hal_flash.o
 .debug_aranges
                0x00000478       0x98 ./Drivers/STM32F1xx_HAL_Driver/Src/stm32f1xx_hal_flash_ex.o
 .debug_aranges
                0x00000510       0x58 ./Drivers/STM32F1xx_HAL_Driver/Src/stm32f1xx_hal_gpio.o
 .debug_aranges
                0x00000568       0x90 ./Drivers/STM32F1xx_HAL_Driver/Src/stm32f1xx_hal_rcc.o
 .debug_aranges
                0x000005f8      0x208 ./Drivers/STM32F1xx_HAL_Driver/Src/stm32f1xx_hal_uart.o

.debug_rnglists
                0x00000000      0x617
 .debug_rnglists
                0x00000000       0x3f ./Core/Src/FlASH_PAGE_F1.o
 .debug_rnglists
                0x0000003f       0x3a ./Core/Src/main.o
 .debug_rnglists
                0x00000079       0x20 ./Core/Src/stm32f1xx_hal_msp.o
 .debug_rnglists
                0x00000099       0x49 ./Core/Src/stm32f1xx_it.o
 .debug_rnglists
                0x000000e2       0x1a ./Core/Src/system_stm32f1xx.o
 .debug_rnglists
                0x000000fc       0x19 ./Core/Startup/startup_stm32f103rctx.o
 .debug_rnglists
                0x00000115       0xa3 ./Drivers/STM32F1xx_HAL_Driver/Src/stm32f1xx_hal.o
 .debug_rnglists
                0x000001b8       0xbb ./Drivers/STM32F1xx_HAL_Driver/Src/stm32f1xx_hal_cortex.o
 .debug_rnglists
                0x00000273       0x64 ./Drivers/STM32F1xx_HAL_Driver/Src/stm32f1xx_hal_dma.o
 .debug_rnglists
                0x000002d7       0x66 ./Drivers/STM32F1xx_HAL_Driver/Src/stm32f1xx_hal_flash.o
 .debug_rnglists
                0x0000033d       0x73 ./Drivers/STM32F1xx_HAL_Driver/Src/stm32f1xx_hal_flash_ex.o
 .debug_rnglists
                0x000003b0       0x3f ./Drivers/STM32F1xx_HAL_Driver/Src/stm32f1xx_hal_gpio.o
 .debug_rnglists
                0x000003ef       0x6c ./Drivers/STM32F1xx_HAL_Driver/Src/stm32f1xx_hal_rcc.o
 .debug_rnglists
                0x0000045b      0x1bc ./Drivers/STM32F1xx_HAL_Driver/Src/stm32f1xx_hal_uart.o

.debug_macro    0x00000000    0x18e3d
 .debug_macro   0x00000000      0x29a ./Core/Src/FlASH_PAGE_F1.o
 .debug_macro   0x0000029a      0xaa8 ./Core/Src/FlASH_PAGE_F1.o
 .debug_macro   0x00000d42      0x215 ./Core/Src/FlASH_PAGE_F1.o
 .debug_macro   0x00000f57       0x2e ./Core/Src/FlASH_PAGE_F1.o
 .debug_macro   0x00000f85       0x22 ./Core/Src/FlASH_PAGE_F1.o
 .debug_macro   0x00000fa7       0x22 ./Core/Src/FlASH_PAGE_F1.o
 .debug_macro   0x00000fc9       0x8e ./Core/Src/FlASH_PAGE_F1.o
 .debug_macro   0x00001057       0x51 ./Core/Src/FlASH_PAGE_F1.o
 .debug_macro   0x000010a8      0x103 ./Core/Src/FlASH_PAGE_F1.o
 .debug_macro   0x000011ab       0x6a ./Core/Src/FlASH_PAGE_F1.o
 .debug_macro   0x00001215      0x1df ./Core/Src/FlASH_PAGE_F1.o
 .debug_macro   0x000013f4       0x1c ./Core/Src/FlASH_PAGE_F1.o
 .debug_macro   0x00001410       0x22 ./Core/Src/FlASH_PAGE_F1.o
 .debug_macro   0x00001432       0xbd ./Core/Src/FlASH_PAGE_F1.o
 .debug_macro   0x000014ef      0xd23 ./Core/Src/FlASH_PAGE_F1.o
 .debug_macro   0x00002212     0xfd8c ./Core/Src/FlASH_PAGE_F1.o
 .debug_macro   0x00011f9e       0x6d ./Core/Src/FlASH_PAGE_F1.o
 .debug_macro   0x0001200b     0x34a2 ./Core/Src/FlASH_PAGE_F1.o
 .debug_macro   0x000154ad      0x189 ./Core/Src/FlASH_PAGE_F1.o
 .debug_macro   0x00015636       0x5c ./Core/Src/FlASH_PAGE_F1.o
 .debug_macro   0x00015692      0x5bc ./Core/Src/FlASH_PAGE_F1.o
 .debug_macro   0x00015c4e      0x4d5 ./Core/Src/FlASH_PAGE_F1.o
 .debug_macro   0x00016123      0x1cb ./Core/Src/FlASH_PAGE_F1.o
 .debug_macro   0x000162ee      0x114 ./Core/Src/FlASH_PAGE_F1.o
 .debug_macro   0x00016402      0x1ea ./Core/Src/FlASH_PAGE_F1.o
 .debug_macro   0x000165ec       0x27 ./Core/Src/FlASH_PAGE_F1.o
 .debug_macro   0x00016613      0x144 ./Core/Src/FlASH_PAGE_F1.o
 .debug_macro   0x00016757      0x1bc ./Core/Src/FlASH_PAGE_F1.o
 .debug_macro   0x00016913       0x30 ./Core/Src/FlASH_PAGE_F1.o
 .debug_macro   0x00016943       0x3c ./Core/Src/FlASH_PAGE_F1.o
 .debug_macro   0x0001697f       0x57 ./Core/Src/FlASH_PAGE_F1.o
 .debug_macro   0x000169d6       0x87 ./Core/Src/FlASH_PAGE_F1.o
 .debug_macro   0x00016a5d      0x24f ./Core/Src/FlASH_PAGE_F1.o
 .debug_macro   0x00016cac      0x140 ./Core/Src/FlASH_PAGE_F1.o
 .debug_macro   0x00016dec      0x28e ./Core/Src/FlASH_PAGE_F1.o
 .debug_macro   0x0001707a       0xb5 ./Core/Src/FlASH_PAGE_F1.o
 .debug_macro   0x0001712f       0x61 ./Core/Src/FlASH_PAGE_F1.o
 .debug_macro   0x00017190       0x24 ./Core/Src/FlASH_PAGE_F1.o
 .debug_macro   0x000171b4       0x43 ./Core/Src/FlASH_PAGE_F1.o
 .debug_macro   0x000171f7       0x34 ./Core/Src/FlASH_PAGE_F1.o
 .debug_macro   0x0001722b       0x16 ./Core/Src/FlASH_PAGE_F1.o
 .debug_macro   0x00017241       0x43 ./Core/Src/FlASH_PAGE_F1.o
 .debug_macro   0x00017284       0x34 ./Core/Src/FlASH_PAGE_F1.o
 .debug_macro   0x000172b8       0x10 ./Core/Src/FlASH_PAGE_F1.o
 .debug_macro   0x000172c8       0x58 ./Core/Src/FlASH_PAGE_F1.o
 .debug_macro   0x00017320       0x8e ./Core/Src/FlASH_PAGE_F1.o
 .debug_macro   0x000173ae       0x1c ./Core/Src/FlASH_PAGE_F1.o
 .debug_macro   0x000173ca      0x177 ./Core/Src/FlASH_PAGE_F1.o
 .debug_macro   0x00017541      0x369 ./Core/Src/FlASH_PAGE_F1.o
 .debug_macro   0x000178aa       0x10 ./Core/Src/FlASH_PAGE_F1.o
 .debug_macro   0x000178ba       0x35 ./Core/Src/FlASH_PAGE_F1.o
 .debug_macro   0x000178ef       0x20 ./Core/Src/FlASH_PAGE_F1.o
 .debug_macro   0x0001790f       0x1c ./Core/Src/FlASH_PAGE_F1.o
 .debug_macro   0x0001792b       0x10 ./Core/Src/FlASH_PAGE_F1.o
 .debug_macro   0x0001793b       0x1c ./Core/Src/FlASH_PAGE_F1.o
 .debug_macro   0x00017957       0x16 ./Core/Src/FlASH_PAGE_F1.o
 .debug_macro   0x0001796d      0x146 ./Core/Src/FlASH_PAGE_F1.o
 .debug_macro   0x00017ab3      0x19e ./Core/Src/main.o
 .debug_macro   0x00017c51      0x198 ./Core/Src/stm32f1xx_hal_msp.o
 .debug_macro   0x00017de9      0x1a2 ./Core/Src/stm32f1xx_it.o
 .debug_macro   0x00017f8b      0x18e ./Core/Src/system_stm32f1xx.o
 .debug_macro   0x00018119      0x1b2 ./Drivers/STM32F1xx_HAL_Driver/Src/stm32f1xx_hal.o
 .debug_macro   0x000182cb      0x18e ./Drivers/STM32F1xx_HAL_Driver/Src/stm32f1xx_hal_cortex.o
 .debug_macro   0x00018459      0x18e ./Drivers/STM32F1xx_HAL_Driver/Src/stm32f1xx_hal_dma.o
 .debug_macro   0x000185e7      0x18e ./Drivers/STM32F1xx_HAL_Driver/Src/stm32f1xx_hal_flash.o
 .debug_macro   0x00018775      0x1a0 ./Drivers/STM32F1xx_HAL_Driver/Src/stm32f1xx_hal_flash_ex.o
 .debug_macro   0x00018915      0x1f9 ./Drivers/STM32F1xx_HAL_Driver/Src/stm32f1xx_hal_gpio.o
 .debug_macro   0x00018b0e      0x1a0 ./Drivers/STM32F1xx_HAL_Driver/Src/stm32f1xx_hal_rcc.o
 .debug_macro   0x00018cae      0x18f ./Drivers/STM32F1xx_HAL_Driver/Src/stm32f1xx_hal_uart.o

.debug_line     0x00000000     0xa6be
 .debug_line    0x00000000      0xa54 ./Core/Src/FlASH_PAGE_F1.o
 .debug_line    0x00000a54      0x888 ./Core/Src/main.o
 .debug_line    0x000012dc      0x72b ./Core/Src/stm32f1xx_hal_msp.o
 .debug_line    0x00001a07      0x7ae ./Core/Src/stm32f1xx_it.o
 .debug_line    0x000021b5      0x752 ./Core/Src/system_stm32f1xx.o
 .debug_line    0x00002907       0x79 ./Core/Startup/startup_stm32f103rctx.o
 .debug_line    0x00002980      0x97f ./Drivers/STM32F1xx_HAL_Driver/Src/stm32f1xx_hal.o
 .debug_line    0x000032ff      0xb6b ./Drivers/STM32F1xx_HAL_Driver/Src/stm32f1xx_hal_cortex.o
 .debug_line    0x00003e6a     0x12aa ./Drivers/STM32F1xx_HAL_Driver/Src/stm32f1xx_hal_dma.o
 .debug_line    0x00005114      0xa4a ./Drivers/STM32F1xx_HAL_Driver/Src/stm32f1xx_hal_flash.o
 .debug_line    0x00005b5e      0xb3a ./Drivers/STM32F1xx_HAL_Driver/Src/stm32f1xx_hal_flash_ex.o
 .debug_line    0x00006698      0xa40 ./Drivers/STM32F1xx_HAL_Driver/Src/stm32f1xx_hal_gpio.o
 .debug_line    0x000070d8      0xd88 ./Drivers/STM32F1xx_HAL_Driver/Src/stm32f1xx_hal_rcc.o
 .debug_line    0x00007e60     0x285e ./Drivers/STM32F1xx_HAL_Driver/Src/stm32f1xx_hal_uart.o

.debug_str      0x00000000    0x906c8
 .debug_str     0x00000000    0x8e1c9 ./Core/Src/FlASH_PAGE_F1.o
                              0x8e616 (size before relaxing)
 .debug_str     0x0008e1c9      0x6d8 ./Core/Src/main.o
                              0x8b3db (size before relaxing)
 .debug_str     0x0008e8a1      0x417 ./Core/Src/stm32f1xx_hal_msp.o
                              0x8b550 (size before relaxing)
 .debug_str     0x0008ecb8       0xef ./Core/Src/stm32f1xx_it.o
                              0x8b11c (size before relaxing)
 .debug_str     0x0008eda7       0x7e ./Core/Src/system_stm32f1xx.o
                              0x8acf7 (size before relaxing)
 .debug_str     0x0008ee25       0x44 ./Core/Startup/startup_stm32f103rctx.o
                                 0x6a (size before relaxing)
 .debug_str     0x0008ee69      0x38e ./Drivers/STM32F1xx_HAL_Driver/Src/stm32f1xx_hal.o
                              0x8b50e (size before relaxing)
 .debug_str     0x0008f1f7      0x22b ./Drivers/STM32F1xx_HAL_Driver/Src/stm32f1xx_hal_cortex.o
                              0x8b45a (size before relaxing)
 .debug_str     0x0008f422      0x235 ./Drivers/STM32F1xx_HAL_Driver/Src/stm32f1xx_hal_dma.o
                              0x8b0a0 (size before relaxing)
 .debug_str     0x0008f657      0x246 ./Drivers/STM32F1xx_HAL_Driver/Src/stm32f1xx_hal_flash.o
                              0x8afd2 (size before relaxing)
 .debug_str     0x0008f89d      0x314 ./Drivers/STM32F1xx_HAL_Driver/Src/stm32f1xx_hal_flash_ex.o
                              0x8b180 (size before relaxing)
 .debug_str     0x0008fbb1      0x31d ./Drivers/STM32F1xx_HAL_Driver/Src/stm32f1xx_hal_gpio.o
                              0x8b07d (size before relaxing)
 .debug_str     0x0008fece      0x229 ./Drivers/STM32F1xx_HAL_Driver/Src/stm32f1xx_hal_rcc.o
                              0x8b126 (size before relaxing)
 .debug_str     0x000900f7      0x5d1 ./Drivers/STM32F1xx_HAL_Driver/Src/stm32f1xx_hal_uart.o
                              0x8b797 (size before relaxing)

.comment        0x00000000       0x43
 .comment       0x00000000       0x43 ./Core/Src/FlASH_PAGE_F1.o
                                 0x44 (size before relaxing)
 .comment       0x00000043       0x44 ./Core/Src/main.o
 .comment       0x00000043       0x44 ./Core/Src/stm32f1xx_hal_msp.o
 .comment       0x00000043       0x44 ./Core/Src/stm32f1xx_it.o
 .comment       0x00000043       0x44 ./Core/Src/system_stm32f1xx.o
 .comment       0x00000043       0x44 ./Drivers/STM32F1xx_HAL_Driver/Src/stm32f1xx_hal.o
 .comment       0x00000043       0x44 ./Drivers/STM32F1xx_HAL_Driver/Src/stm32f1xx_hal_cortex.o
 .comment       0x00000043       0x44 ./Drivers/STM32F1xx_HAL_Driver/Src/stm32f1xx_hal_dma.o
 .comment       0x00000043       0x44 ./Drivers/STM32F1xx_HAL_Driver/Src/stm32f1xx_hal_flash.o
 .comment       0x00000043       0x44 ./Drivers/STM32F1xx_HAL_Driver/Src/stm32f1xx_hal_flash_ex.o
 .comment       0x00000043       0x44 ./Drivers/STM32F1xx_HAL_Driver/Src/stm32f1xx_hal_gpio.o
 .comment       0x00000043       0x44 ./Drivers/STM32F1xx_HAL_Driver/Src/stm32f1xx_hal_rcc.o
 .comment       0x00000043       0x44 ./Drivers/STM32F1xx_HAL_Driver/Src/stm32f1xx_hal_uart.o

.debug_frame    0x00000000     0x1ef8
 .debug_frame   0x00000000      0x148 ./Core/Src/FlASH_PAGE_F1.o
 .debug_frame   0x00000148       0xf8 ./Core/Src/main.o
 .debug_frame   0x00000240       0x80 ./Core/Src/stm32f1xx_hal_msp.o
 .debug_frame   0x000002c0      0x120 ./Core/Src/stm32f1xx_it.o
 .debug_frame   0x000003e0       0x58 ./Core/Src/system_stm32f1xx.o
 .debug_frame   0x00000438      0x334 ./Drivers/STM32F1xx_HAL_Driver/Src/stm32f1xx_hal.o
 .debug_frame   0x0000076c      0x428 ./Drivers/STM32F1xx_HAL_Driver/Src/stm32f1xx_hal_cortex.o
 .debug_frame   0x00000b94      0x20c ./Drivers/STM32F1xx_HAL_Driver/Src/stm32f1xx_hal_dma.o
 .debug_frame   0x00000da0      0x20c ./Drivers/STM32F1xx_HAL_Driver/Src/stm32f1xx_hal_flash.o
 .debug_frame   0x00000fac      0x258 ./Drivers/STM32F1xx_HAL_Driver/Src/stm32f1xx_hal_flash_ex.o
 .debug_frame   0x00001204      0x14c ./Drivers/STM32F1xx_HAL_Driver/Src/stm32f1xx_hal_gpio.o
 .debug_frame   0x00001350      0x218 ./Drivers/STM32F1xx_HAL_Driver/Src/stm32f1xx_hal_rcc.o
 .debug_frame   0x00001568      0x944 ./Drivers/STM32F1xx_HAL_Driver/Src/stm32f1xx_hal_uart.o
 .debug_frame   0x00001eac       0x20 C:/ST/STM32CubeIDE_1.16.0/STM32CubeIDE/plugins/com.st.stm32cube.ide.mcu.externaltools.gnu-tools-for-stm32.12.3.rel1.win32_1.0.200.202406191623/tools/bin/../lib/gcc/arm-none-eabi/12.3.1/../../../../arm-none-eabi/lib/thumb/v7-m/nofp\libc_nano.a(libc_a-memset.o)
 .debug_frame   0x00001ecc       0x2c C:/ST/STM32CubeIDE_1.16.0/STM32CubeIDE/plugins/com.st.stm32cube.ide.mcu.externaltools.gnu-tools-for-stm32.12.3.rel1.win32_1.0.200.202406191623/tools/bin/../lib/gcc/arm-none-eabi/12.3.1/../../../../arm-none-eabi/lib/thumb/v7-m/nofp\libc_nano.a(libc_a-init.o)

.debug_line_str
                0x00000000       0x4e
 .debug_line_str
                0x00000000       0x4e ./Core/Startup/startup_stm32f103rctx.o
