00:22:59 **** Incremental Build of configuration Debug for project blink_app ****
make -j8 all 
arm-none-eabi-gcc "../Core/Src/main.c" -mcpu=cortex-m3 -std=gnu11 -g3 -DDEBUG -DUSE_HAL_DRIVER -DSTM32F103xE -c -I../Core/Inc -I../Drivers/STM32F1xx_HAL_Driver/Inc/Legacy -I../Drivers/STM32F1xx_HAL_Driver/Inc -I../Drivers/CMSIS/Device/ST/STM32F1xx/Include -I../Drivers/CMSIS/Include -O0 -ffunction-sections -fdata-sections -Wall -fstack-usage -fcyclomatic-complexity -MMD -MP -MF"Core/Src/main.d" -MT"Core/Src/main.o" --specs=nano.specs -mfloat-abi=soft -mthumb -o "Core/Src/main.o"
arm-none-eabi-gcc -o "blink_app.elf" @"objects.list"   -mcpu=cortex-m3 -T"D:\STM32\Test_bootjump\blink_app\STM32F103RCTX_FLASH.ld" --specs=nosys.specs -Wl,-Map="blink_app.map" -Wl,--gc-sections -static --specs=nano.specs -mfloat-abi=soft -mthumb -Wl,--start-group -lc -lm -Wl,--end-group
Finished building target: blink_app.elf
 
arm-none-eabi-size  blink_app.elf 
arm-none-eabi-objdump -h -S blink_app.elf  > "blink_app.list"
arm-none-eabi-objcopy  -O ihex blink_app.elf  "blink_app.hex"
   text	   data	    bss	    dec	    hex	filename
   4940	     12	   1572	   6524	   197c	blink_app.elf
arm-none-eabi-objcopy  -O binary blink_app.elf  "blink_app.bin"
Finished building: default.size.stdout
 
Finished building: blink_app.hex
Finished building: blink_app.bin
 
Finished building: blink_app.list
 
 

00:23:00 Build Finished. 0 errors, 0 warnings. (took 1s.187ms)

