17:09:20 **** Incremental Build of configuration Debug for project bootloader_iot_box ****
make -j8 all 
arm-none-eabi-gcc -o "bootloader_iot_box.elf" @"objects.list"   -mcpu=cortex-m3 -T"D:\STM32\Test_bootjump\bootloader_iot_box\STM32F103RCTX_FLASH.ld" --specs=nosys.specs -Wl,-Map="bootloader_iot_box.map" -Wl,--gc-sections -static --specs=nano.specs -mfloat-abi=soft -mthumb -Wl,--start-group -lc -lm -Wl,--end-group
Finished building target: bootloader_iot_box.elf
 
arm-none-eabi-size  bootloader_iot_box.elf 
arm-none-eabi-objdump -h -S bootloader_iot_box.elf  > "bootloader_iot_box.list"
arm-none-eabi-objcopy  -O ihex bootloader_iot_box.elf  "bootloader_iot_box.hex"
   text	   data	    bss	    dec	    hex	filename
   5156	     12	   1572	   6740	   1a54	bootloader_iot_box.elf
arm-none-eabi-objcopy  -O binary bootloader_iot_box.elf  "bootloader_iot_box.bin"
Finished building: default.size.stdout
 
Finished building: bootloader_iot_box.hex
 
Finished building: bootloader_iot_box.bin
Finished building: bootloader_iot_box.list
 
 

17:09:21 Build Finished. 0 errors, 0 warnings. (took 617ms)

